RAM Allocation [bytes]
Variable                                                                          Address   Size
------------------------------------------------------------------------------------------------
new_password                                                                      0x01C7       2
current_char                                                                      0x01C9       1
prog_mode                                                                         0x01CA       2
_base_y                                                                           0x01CC       4
_lcd_x                                                                            0x01D0       1
_lcd_y                                                                            0x01D1       1
_lcd_maxx                                                                         0x01D2       1

EEPROM Allocation [bytes]
Variable                                                                          Address   Size
------------------------------------------------------------------------------------------------

Register Allocation
Variable                                                                          Register  Size
------------------------------------------------------------------------------------------------
keydetect                                                                         R4,R5        2
i                                                                                 R6,R7        2
password                                                                          R8,R9        2
password_len                                                                      R10,R11      2
current_password                                                                  R12,R13      2

FLASH Allocation [words]
Function                                                                          Address   Size
------------------------------------------------------------------------------------------------
ext_int0_isr                                                                      0x000AB      7
ext_int1_isr                                                                      0x000B2      5
ext_int2_isr                                                                      0x000B7     54
timer1_ovf_isr                                                                    0x000ED     39
main                                                                              0x00114    142
get_char                                                                          0x001A2     51
check_password                                                                    0x001D5     14
_lcd_write_nibble_G100                                                            0x001E3     20
_lcd_write_data                                                                   0x001F7     12
lcd_gotoxy                                                                        0x00203     17
lcd_clear                                                                         0x00214     14
lcd_putchar                                                                       0x00222     32
lcd_puts                                                                          0x00242     17
lcd_init                                                                          0x00253     47
strcmp                                                                            0x00282     20
strcpy                                                                            0x00296     13
strlen                                                                            0x002A3     12
strncat                                                                           0x002AF     21
